// Jest Snapshot v1, https://goo.gl/fbAQLP

exports[`HomeComponent should render correctly 1`] = `
<View
  style={
    Object {
      "alignItems": "center",
      "flex": 1,
      "flexDirection": "column",
      "justifyContent": "center",
    }
  }
>
  <Image
    source={1}
  />
  <Text
    accessible={true}
    allowFontScaling={true}
    ellipsizeMode="tail"
    style={
      Object {
        "fontSize": 20,
        "margin": 10,
      }
    }
  >
    <FormattedMessage
      id="welcome"
      values={Object {}}
    />
  </Text>
</View>
`;
