// Jest Snapshot v1, https://goo.gl/fbAQLP

exports[`AppContainer should render correctly 1`] = `
<Styled(Container)>
  <NavigationContainer
    navigation={
      Object {
        "dispatch": [Function],
        "goBack": [Function],
        "navigate": [Function],
        "setParams": [Function],
        "state": Object {
          "index": 0,
          "routes": Array [
            Object {
              "index": 0,
              "key": "DrawerClose",
              "routeName": "DrawerClose",
              "routes": Array [
                Object {
                  "index": 2,
                  "key": "Home",
                  "routeName": "Home",
                  "routes": Array [
                    Object {
                      "key": "Init-id-42-0",
                      "routeName": "Home",
                    },
                    Object {
                      "key": "id-42-5",
                      "params": undefined,
                      "routeName": "Home",
                    },
                    Object {
                      "key": "id-42-6",
                      "params": undefined,
                      "routeName": "Home",
                    },
                  ],
                },
                Object {
                  "index": 0,
                  "key": "TextInput",
                  "routeName": "TextInput",
                  "routes": Array [
                    Object {
                      "key": "Init-id-42-1",
                      "routeName": "TextInput",
                    },
                  ],
                },
                Object {
                  "index": 0,
                  "key": "Button",
                  "routeName": "Button",
                  "routes": Array [
                    Object {
                      "key": "Init-id-42-2",
                      "routeName": "Button",
                    },
                  ],
                },
                Object {
                  "index": 0,
                  "key": "Link",
                  "routeName": "Link",
                  "routes": Array [
                    Object {
                      "key": "Init-id-42-3",
                      "routeName": "Link",
                    },
                  ],
                },
                Object {
                  "index": 0,
                  "key": "Login",
                  "routeName": "Login",
                  "routes": Array [
                    Object {
                      "key": "Init-id-42-4",
                      "routeName": "Login",
                    },
                  ],
                },
              ],
            },
            Object {
              "key": "DrawerOpen",
              "routeName": "DrawerOpen",
            },
          ],
        },
      }
    }
  />
</Styled(Container)>
`;
